
> smart-wardrobe-ai-backend@1.0.0 test
> cross-env NODE_ENV=test jest --coverage --forceExit --detectOpenHandles

[0mPOST /api/auth/register [32m201[0m 3776.763 ms - 86[0m
[0mGET /api/weather?enlem=41.01&boylam=28.97 [33m401[0m 1.914 ms - 46[0m
[0mPOST /api/auth/register [32m201[0m 1585.803 ms - 86[0m
[0mGET /api/weather?enlem=41.01&boylam=28.97 [33m401[0m 0.785 ms - 52[0m
[0mPOST /api/auth/register [32m201[0m 2562.511 ms - 86[0m
[0mGET /api/weather?enlem=41.01 [33m401[0m 0.622 ms - 46[0m
[0mPOST /api/auth/register [32m201[0m 1615.234 ms - 86[0m
[0mGET /api/weather/city?sehir=Ankara [33m401[0m 1.036 ms - 46[0m
[0mPOST /api/auth/register [32m201[0m 1545.801 ms - 86[0m
[0mGET /api/weather/city [33m401[0m 1.497 ms - 46[0m
[0mPOST /api/auth/register [32m201[0m 1599.129 ms - 86[0m
[0mGET /api/weather/city?sehir=YokSehir [33m401[0m 0.955 ms - 46[0m
[0mPOST /api/auth/register [32m201[0m 3780.357 ms - 86[0m
[0mPOST /api/auth/register [32m201[0m 327.940 ms - 86[0m
[0mPOST /api/auth/register [33m400[0m 5.727 ms - 48[0m
[0mPOST /api/auth/register [33m400[0m 0.498 ms - 59[0m
[0mPOST /api/auth/register [33m400[0m 0.534 ms - 48[0m
[0mPOST /api/auth/register [32m201[0m 301.525 ms - 86[0m
[0mPOST /api/auth/register [31m503[0m 296.418 ms - 132[0m
[0mPOST /api/auth/register [31m503[0m 319.433 ms - 138[0m
[0mPOST /api/auth/login [32m200[0m 80.718 ms - 393[0m
[0mPOST /api/auth/login [32m200[0m 76.948 ms - 393[0m
[0mPOST /api/auth/login [32m200[0m 75.762 ms - 393[0m
[0mPOST /api/auth/login [33m401[0m 62.977 ms - 40[0m
[0mPOST /api/auth/login [32m200[0m 62.114 ms - 393[0m
[0mPOST /api/auth/login [33m401[0m 3.460 ms - 40[0m
[0mPOST /api/auth/login [32m200[0m 62.351 ms - 393[0m
[0mPOST /api/auth/login [33m400[0m 0.300 ms - 41[0m
[0mPOST /api/auth/login [32m200[0m 62.475 ms - 387[0m
[0mGET /api/auth/me [32m200[0m 5.413 ms - 209[0m
[0mPOST /api/auth/login [32m200[0m 65.183 ms - 387[0m
[0mGET /api/auth/me [33m401[0m 0.419 ms - 52[0m
[0mPOST /api/auth/login [32m200[0m 62.026 ms - 387[0m
[0mGET /api/auth/me [33m401[0m 0.526 ms - 46[0m
[0mPOST /api/auth/login [32m200[0m 74.700 ms - 395[0m
[0mPUT /api/auth/update [32m200[0m 12.007 ms - 353[0m
[0mPOST /api/auth/login [32m200[0m 61.441 ms - 395[0m
[0mPUT /api/auth/update [33m401[0m 0.530 ms - 52[0m
[0mPOST /api/auth/login [32m200[0m 61.416 ms - 403[0m
[0mPUT /api/auth/change-password [32m200[0m 316.465 ms - 51[0m
[0mPOST /api/auth/login [32m200[0m 261.325 ms - 403[0m
[0mPOST /api/auth/login [32m200[0m 61.431 ms - 403[0m
[0mPUT /api/auth/change-password [33m401[0m 77.868 ms - 34[0m
[0mPOST /api/auth/login [32m200[0m 70.104 ms - 395[0m
[0mPOST /api/auth/forgot-password [32m200[0m 13.470 ms - 132[0m
[0mPUT /api/auth/reset-password/4f9a3da610573b34e73a29cb5498c2fd65255a31 [32m200[0m 276.376 ms - 229[0m
[0mPOST /api/auth/login [32m200[0m 278.318 ms - 395[0m
[0mPOST /api/auth/login [32m200[0m 74.004 ms - 395[0m
[0mPOST /api/auth/forgot-password [33m400[0m 0.298 ms - 38[0m
[0mPOST /api/auth/login [32m200[0m 67.091 ms - 395[0m
[0mPUT /api/auth/reset-password/gecersiztoken [33m400[0m 3.152 ms - 50[0m
[0mPOST /api/auth/login [32m200[0m 73.342 ms - 395[0m
[0mPOST /api/auth/forgot-password [32m200[0m 7.000 ms - 132[0m
[0mPUT /api/auth/reset-password/8b286a37101e0f47f0ad8a7fe0ff0d43ae586e17 [33m400[0m 3.203 ms - 50[0m
[0mPOST /api/auth/register [32m201[0m 253.650 ms - 88[0m
[0mPOST /api/auth/resend-verification [32m200[0m 10.293 ms - 93[0m
[0mPOST /api/auth/login [32m200[0m 61.004 ms - 402[0m
[0mPOST /api/auth/resend-verification [33m400[0m 3.060 ms - 65[0m
[0mPOST /api/auth/register [32m201[0m 344.141 ms - 83[0m
[0mPOST /api/auth/verify-email [32m200[0m 17.817 ms - 382[0m
[0mPOST /api/auth/login [32m200[0m 285.440 ms - 390[0m
[0mGET /api/items [32m200[0m 17.895 ms - 104[0m
[0mGET /api/items [33m401[0m 0.695 ms - 52[0m
[0mGET /api/items?kategori=Di%C4%9Fer [32m200[0m 12.083 ms - 104[0m
[0mGET /api/items?sayfa=1&limit=5 [32m200[0m 11.188 ms - 104[0m
[0mPOST /api/items/add [32m201[0m 360.341 ms - 431[0m
[0mGET /api/items/69dd5276f7766964976a6d04 [32m200[0m 9.141 ms - 353[0m
[0mGET /api/items/gecersizid [31m500[0m 7.473 ms - 34[0m
[0mGET /api/items/69dd5276f7766964976a6d0d [33m404[0m 8.132 ms - 33[0m
[0mPOST /api/items/add [32m201[0m 223.859 ms - 431[0m
[0mPUT /api/items/69dd5276f7766964976a6d13 [32m200[0m 10.949 ms - 399[0m
[0mPOST /api/auth/register [32m201[0m 287.907 ms - 84[0m
[0mPOST /api/auth/verify-email [32m200[0m 18.304 ms - 378[0m
[0mPOST /api/auth/login [32m200[0m 288.090 ms - 386[0m
[0mPUT /api/items/69dd5277f7766964976a6d25 [33m404[0m 9.714 ms - 33[0m
[0mPOST /api/items/add [32m201[0m 236.495 ms - 431[0m
[0mDELETE /api/items/69dd5277f7766964976a6d2b [32m200[0m 11.085 ms - 52[0m
[0mGET /api/items/69dd5277f7766964976a6d2b [33m404[0m 6.103 ms - 33[0m
[0mDELETE /api/items/69dd5277f7766964976a6d34 [33m404[0m 5.840 ms - 33[0m
[0mDELETE /api/items/69dd5277f7766964976a6d39 [33m401[0m 0.472 ms - 52[0m
[0mGET /api/health [32m200[0m 0.245 ms - 90[0m
[0mGET /api/olmayan-endpoint [33m404[0m 0.258 ms - 57[0m
[0mPOST /api/auth/register [32m201[0m 319.402 ms - 93[0m
[0mPOST /api/auth/verify-email [32m200[0m 16.794 ms - 398[0m
[0mPOST /api/auth/login [32m200[0m 270.202 ms - 406[0m
[0mPOST /api/items/add [32m201[0m 403.170 ms - 431[0m
[0mGET /api/items [32m200[0m 12.466 ms - 445[0m
[0mPOST /api/auth/register [32m201[0m 312.815 ms - 85[0m
[0mPOST /api/auth/verify-email [32m200[0m 15.649 ms - 386[0m
[0mPOST /api/auth/login [32m200[0m 262.433 ms - 394[0m
[0mPOST /api/outfits/recommend [33m401[0m 0.550 ms - 52[0m
[0mPOST /api/outfits/recommend [33m400[0m 24.967 ms - 81[0m
[0mGET /api/outfits [32m200[0m 11.712 ms - 68[0m
[0mGET /api/outfits [33m401[0m 0.515 ms - 52[0m
[0mGET /api/outfits?sayfa=1&limit=5 [32m200[0m 10.771 ms - 68[0m
[0mPUT /api/outfits/69dd527b7466bc4f4cae69bf/feedback [32m200[0m 11.425 ms - 371[0m
[0mPUT /api/outfits/69dd527b7466bc4f4cae69c6/feedback [33m404[0m 8.371 ms - 31[0m
[0mPUT /api/outfits/69dd527b7466bc4f4cae69cb/feedback [33m401[0m 0.464 ms - 52[0m
[0mDELETE /api/outfits/69dd527b7466bc4f4cae69cf [32m200[0m 9.298 ms - 27[0m
[0mDELETE /api/outfits/69dd527b7466bc4f4cae69d7 [33m404[0m 5.917 ms - 31[0m
[0mGET /api/stats/wardrobe [32m200[0m 28.322 ms - 270[0m
[0mGET /api/stats/wardrobe [33m401[0m 0.501 ms - 52[0m
-------------------------|---------|----------|---------|---------|------------------------------------------------------------------------------------------------------------------------------------
File                     | % Stmts | % Branch | % Funcs | % Lines | Uncovered Line #s                                                                                                                  
-------------------------|---------|----------|---------|---------|------------------------------------------------------------------------------------------------------------------------------------
All files                |    76.5 |    57.74 |   79.54 |    76.8 |                                                                                                                                    
 controllers             |   70.08 |    56.72 |   76.66 |   70.53 |                                                                                                                                    
  authController.js      |   78.94 |    77.02 |     100 |   78.82 | 18,51,59,75-76,107-108,120,131,140-148,159-160,174,180,185,189,194,219-220,245,270-271,292,316,334,349-350,374,388,402,405,420-421 
  itemController.js      |   72.72 |    55.55 |     100 |   75.34 | 11,21-22,31,70-71,108-109,125,147,164-165,181,186-189,198-199                                                                      
  outfitController.js    |   61.81 |    29.62 |      80 |   61.81 | 23-88,117,147,169                                                                                                                  
  statsController.js     |    62.5 |    33.33 |      20 |    62.5 | 77-100                                                                                                                             
  weatherController.js   |   18.18 |        0 |       0 |   18.18 | 7-19,27-42                                                                                                                         
 middleware              |   86.48 |       75 |     100 |   86.11 |                                                                                                                                    
  authMiddleware.js      |   88.88 |    83.33 |     100 |   88.88 | 20,26                                                                                                                              
  errorMiddleware.js     |   84.21 |    68.75 |     100 |   83.33 | 23-24,29                                                                                                                           
 models                  |   85.29 |      100 |   66.66 |   85.29 |                                                                                                                                    
  Item.js                |     100 |      100 |     100 |     100 |                                                                                                                                    
  Outfit.js              |     100 |      100 |     100 |     100 |                                                                                                                                    
  PendingRegistration.js |     100 |      100 |     100 |     100 |                                                                                                                                    
  User.js                |   66.66 |      100 |      50 |   66.66 | 56-62                                                                                                                              
 routes                  |     100 |      100 |     100 |     100 |                                                                                                                                    
  authRoutes.js          |     100 |      100 |     100 |     100 |                                                                                                                                    
  itemRoutes.js          |     100 |      100 |     100 |     100 |                                                                                                                                    
  outfitRoutes.js        |     100 |      100 |     100 |     100 |                                                                                                                                    
  statsRoutes.js         |     100 |      100 |     100 |     100 |                                                                                                                                    
  weatherRoutes.js       |     100 |      100 |     100 |     100 |                                                                                                                                    
 services                |   82.19 |       50 |   85.71 |   82.19 |                                                                                                                                    
  aiService.js           |   95.65 |       60 |     100 |   95.65 | 74                                                                                                                                 
  emailService.js        |   72.72 |    41.66 |      50 |   72.72 | 34-38,146-153                                                                                                                      
  weatherService.js      |   78.57 |     37.5 |     100 |   78.57 | 15-18,24,59                                                                                                                        
-------------------------|---------|----------|---------|---------|------------------------------------------------------------------------------------------------------------------------------------
